x = true;
y = false;
----------
x = false;
y = true;
----------
==========
