r = false;
x = false;
y = false;
----------
r = true;
x = true;
y = false;
----------
r = true;
x = false;
y = true;
----------
r = false;
x = true;
y = true;
----------
==========