x1 = 5;
x2 = 5;
x3 = 5;
----------
x1 = 6;
x2 = 5;
x3 = 6;
----------
x1 = 5;
x2 = 6;
x3 = 6;
----------
x1 = 6;
x2 = 6;
x3 = 6;
----------
x1 = 7;
x2 = 5;
x3 = 7;
----------
x1 = 7;
x2 = 6;
x3 = 7;
----------
x1 = 5;
x2 = 7;
x3 = 7;
----------
x1 = 6;
x2 = 7;
x3 = 7;
----------
x1 = 7;
x2 = 7;
x3 = 7;
----------
x1 = 8;
x2 = 5;
x3 = 8;
----------
x1 = 8;
x2 = 6;
x3 = 8;
----------
x1 = 8;
x2 = 7;
x3 = 8;
----------
x1 = 5;
x2 = 8;
x3 = 8;
----------
x1 = 6;
x2 = 8;
x3 = 8;
----------
x1 = 7;
x2 = 8;
x3 = 8;
----------
x1 = 8;
x2 = 8;
x3 = 8;
----------
x1 = 9;
x2 = 5;
x3 = 9;
----------
x1 = 9;
x2 = 6;
x3 = 9;
----------
x1 = 9;
x2 = 7;
x3 = 9;
----------
x1 = 9;
x2 = 8;
x3 = 9;
----------
x1 = 5;
x2 = 9;
x3 = 9;
----------
x1 = 6;
x2 = 9;
x3 = 9;
----------
x1 = 7;
x2 = 9;
x3 = 9;
----------
x1 = 8;
x2 = 9;
x3 = 9;
----------
x1 = 9;
x2 = 9;
x3 = 9;
----------
x1 = 10;
x2 = 5;
x3 = 10;
----------
x1 = 10;
x2 = 6;
x3 = 10;
----------
x1 = 10;
x2 = 7;
x3 = 10;
----------
x1 = 10;
x2 = 8;
x3 = 10;
----------
x1 = 10;
x2 = 9;
x3 = 10;
----------
x1 = 5;
x2 = 10;
x3 = 10;
----------
x1 = 6;
x2 = 10;
x3 = 10;
----------
x1 = 7;
x2 = 10;
x3 = 10;
----------
x1 = 8;
x2 = 10;
x3 = 10;
----------
x1 = 9;
x2 = 10;
x3 = 10;
----------
x1 = 10;
x2 = 10;
x3 = 10;
----------
==========
