r = false;
x = 0;
y = 0;
----------
r = true;
x = 0;
y = -1;
----------
r = true;
x = 0;
y = 1;
----------
==========
