X_INTRODUCED_17_ = array1d(1..9,[1, 1, 2, 3, 3, 2, 3, 3, 2]);
----------
X_INTRODUCED_17_ = array1d(1..9,[1, 1, 2, 3, 2, 2, 3, 3, 3]);
----------
X_INTRODUCED_17_ = array1d(1..9,[1, 2, 2, 1, 3, 2, 3, 3, 3]);
----------
X_INTRODUCED_17_ = array1d(1..9,[1, 2, 2, 1, 2, 3, 3, 3, 3]);
----------
X_INTRODUCED_17_ = array1d(1..9,[1, 3, 2, 1, 3, 2, 3, 3, 2]);
----------
==========