x = 6;
y = 2;
z = 9;
objective = 2;
----------
x = 5;
y = 5;
z = 7;
objective = 5;
----------
==========
