x = 6;
y = 2;
z = 9;
objective = 2;
----------
x = 5;
y = -3;
z = 15;
objective = -3;
----------
==========
