x = 5;
y = 5;
z = 7;
objective = 7;
----------
==========
