x = 7;
y = 2;
z = 8;
objective = 8;
----------
x = 5;
y = 5;
z = 7;
objective = 7;
----------
==========
