objective = 3;
----------
objective = 1;
----------
==========
