objective = 3;
----------
objective = 4;
----------
objective = 5;
----------
==========
