objective = 2;
other = 1;
----------
objective = 3;
other = 1;
----------
==========
