index = 1;
rhs = 3;
----------
index = 2;
rhs = 5;
----------
index = 3;
rhs = 6;
----------
==========
