x1 = 1;
x2 = 2;
----------
x1 = 2;
x2 = 3;
----------
==========
