l = false;
x1 = 0;
----------
l = true;
x1 = 1;
----------
==========
