x = 1;
y = 3;
z = 5;
----------
x = 1;
y = 3;
z = 6;
----------
x = 1;
y = 3;
z = 7;
----------
x = 1;
y = 3;
z = 8;
----------
x = 1;
y = 3;
z = 9;
----------
x = 1;
y = 3;
z = 10;
----------
x = 2;
y = 3;
z = 5;
----------
x = 2;
y = 3;
z = 6;
----------
x = 2;
y = 3;
z = 7;
----------
x = 2;
y = 3;
z = 8;
----------
x = 2;
y = 3;
z = 9;
----------
x = 2;
y = 3;
z = 10;
----------
x = 5;
y = 3;
z = 5;
----------
x = 5;
y = 3;
z = 6;
----------
x = 5;
y = 3;
z = 7;
----------
x = 5;
y = 3;
z = 8;
----------
x = 5;
y = 3;
z = 9;
----------
x = 5;
y = 3;
z = 10;
----------
x = 1;
y = 4;
z = 1;
----------
x = 1;
y = 4;
z = 6;
----------
x = 1;
y = 4;
z = 7;
----------
x = 1;
y = 4;
z = 8;
----------
x = 1;
y = 4;
z = 9;
----------
x = 1;
y = 4;
z = 10;
----------
x = 2;
y = 4;
z = 1;
----------
x = 2;
y = 4;
z = 6;
----------
x = 2;
y = 4;
z = 7;
----------
x = 2;
y = 4;
z = 8;
----------
x = 2;
y = 4;
z = 9;
----------
x = 2;
y = 4;
z = 10;
----------
x = 3;
y = 4;
z = 1;
----------
x = 3;
y = 4;
z = 6;
----------
x = 3;
y = 4;
z = 7;
----------
x = 3;
y = 4;
z = 8;
----------
x = 3;
y = 4;
z = 9;
----------
x = 3;
y = 4;
z = 10;
----------
x = 1;
y = 5;
z = 1;
----------
x = 1;
y = 5;
z = 2;
----------
x = 1;
y = 5;
z = 7;
----------
x = 1;
y = 5;
z = 8;
----------
x = 1;
y = 5;
z = 9;
----------
x = 1;
y = 5;
z = 10;
----------
x = 2;
y = 5;
z = 1;
----------
x = 2;
y = 5;
z = 2;
----------
x = 2;
y = 5;
z = 7;
----------
x = 2;
y = 5;
z = 8;
----------
x = 2;
y = 5;
z = 9;
----------
x = 2;
y = 5;
z = 10;
----------
x = 3;
y = 5;
z = 1;
----------
x = 3;
y = 5;
z = 2;
----------
x = 3;
y = 5;
z = 7;
----------
x = 3;
y = 5;
z = 8;
----------
x = 3;
y = 5;
z = 9;
----------
x = 3;
y = 5;
z = 10;
----------
x = 4;
y = 5;
z = 1;
----------
x = 4;
y = 5;
z = 2;
----------
x = 4;
y = 5;
z = 7;
----------
x = 4;
y = 5;
z = 8;
----------
x = 4;
y = 5;
z = 9;
----------
x = 4;
y = 5;
z = 10;
----------
==========
