s1 = 2;
s2 = 3;
s3 = 1;
p1 = 1;
p2 = 2;
p3 = 1;
r1 = 3;
r2 = 2;
r3 = 4;
c = 4;
----------
s1 = 5;
s2 = 3;
s3 = 1;
p1 = 1;
p2 = 2;
p3 = 1;
r1 = 3;
r2 = 2;
r3 = 4;
c = 4;
----------
s1 = 1;
s2 = 3;
s3 = 2;
p1 = 1;
p2 = 2;
p3 = 1;
r1 = 3;
r2 = 2;
r3 = 4;
c = 4;
----------
s1 = 5;
s2 = 3;
s3 = 2;
p1 = 1;
p2 = 2;
p3 = 1;
r1 = 3;
r2 = 2;
r3 = 4;
c = 4;
----------
s1 = 1;
s2 = 3;
s3 = 5;
p1 = 1;
p2 = 2;
p3 = 1;
r1 = 3;
r2 = 2;
r3 = 4;
c = 4;
----------
s1 = 2;
s2 = 3;
s3 = 5;
p1 = 1;
p2 = 2;
p3 = 1;
r1 = 3;
r2 = 2;
r3 = 4;
c = 4;
----------
s1 = 2;
s2 = 3;
s3 = 1;
p1 = 1;
p2 = 2;
p3 = 1;
r1 = 4;
r2 = 2;
r3 = 4;
c = 4;
----------
s1 = 5;
s2 = 3;
s3 = 1;
p1 = 1;
p2 = 2;
p3 = 1;
r1 = 4;
r2 = 2;
r3 = 4;
c = 4;
----------
s1 = 1;
s2 = 3;
s3 = 2;
p1 = 1;
p2 = 2;
p3 = 1;
r1 = 4;
r2 = 2;
r3 = 4;
c = 4;
----------
s1 = 5;
s2 = 3;
s3 = 2;
p1 = 1;
p2 = 2;
p3 = 1;
r1 = 4;
r2 = 2;
r3 = 4;
c = 4;
----------
s1 = 1;
s2 = 3;
s3 = 5;
p1 = 1;
p2 = 2;
p3 = 1;
r1 = 4;
r2 = 2;
r3 = 4;
c = 4;
----------
s1 = 2;
s2 = 3;
s3 = 5;
p1 = 1;
p2 = 2;
p3 = 1;
r1 = 4;
r2 = 2;
r3 = 4;
c = 4;
----------
s1 = 2;
s2 = 4;
s3 = 1;
p1 = 1;
p2 = 2;
p3 = 1;
r1 = 3;
r2 = 2;
r3 = 4;
c = 4;
----------
s1 = 2;
s2 = 4;
s3 = 1;
p1 = 1;
p2 = 2;
p3 = 1;
r1 = 4;
r2 = 2;
r3 = 4;
c = 4;
----------
s1 = 3;
s2 = 4;
s3 = 1;
p1 = 1;
p2 = 2;
p3 = 1;
r1 = 3;
r2 = 2;
r3 = 4;
c = 4;
----------
s1 = 3;
s2 = 4;
s3 = 1;
p1 = 1;
p2 = 2;
p3 = 1;
r1 = 4;
r2 = 2;
r3 = 4;
c = 4;
----------
s1 = 1;
s2 = 4;
s3 = 2;
p1 = 1;
p2 = 2;
p3 = 1;
r1 = 3;
r2 = 2;
r3 = 4;
c = 4;
----------
s1 = 1;
s2 = 4;
s3 = 2;
p1 = 1;
p2 = 2;
p3 = 1;
r1 = 4;
r2 = 2;
r3 = 4;
c = 4;
----------
s1 = 3;
s2 = 4;
s3 = 2;
p1 = 1;
p2 = 2;
p3 = 1;
r1 = 3;
r2 = 2;
r3 = 4;
c = 4;
----------
s1 = 3;
s2 = 4;
s3 = 2;
p1 = 1;
p2 = 2;
p3 = 1;
r1 = 4;
r2 = 2;
r3 = 4;
c = 4;
----------
s1 = 1;
s2 = 4;
s3 = 3;
p1 = 1;
p2 = 2;
p3 = 1;
r1 = 3;
r2 = 2;
r3 = 4;
c = 4;
----------
s1 = 1;
s2 = 4;
s3 = 3;
p1 = 1;
p2 = 2;
p3 = 1;
r1 = 4;
r2 = 2;
r3 = 4;
c = 4;
----------
s1 = 2;
s2 = 4;
s3 = 3;
p1 = 1;
p2 = 2;
p3 = 1;
r1 = 3;
r2 = 2;
r3 = 4;
c = 4;
----------
s1 = 2;
s2 = 4;
s3 = 3;
p1 = 1;
p2 = 2;
p3 = 1;
r1 = 4;
r2 = 2;
r3 = 4;
c = 4;
----------
s1 = 2;
s2 = 5;
s3 = 1;
p1 = 1;
p2 = 2;
p3 = 1;
r1 = 3;
r2 = 2;
r3 = 4;
c = 4;
----------
s1 = 3;
s2 = 5;
s3 = 1;
p1 = 1;
p2 = 2;
p3 = 1;
r1 = 3;
r2 = 2;
r3 = 4;
c = 4;
----------
s1 = 4;
s2 = 5;
s3 = 1;
p1 = 1;
p2 = 2;
p3 = 1;
r1 = 3;
r2 = 2;
r3 = 4;
c = 4;
----------
s1 = 1;
s2 = 5;
s3 = 2;
p1 = 1;
p2 = 2;
p3 = 1;
r1 = 3;
r2 = 2;
r3 = 4;
c = 4;
----------
s1 = 3;
s2 = 5;
s3 = 2;
p1 = 1;
p2 = 2;
p3 = 1;
r1 = 3;
r2 = 2;
r3 = 4;
c = 4;
----------
s1 = 4;
s2 = 5;
s3 = 2;
p1 = 1;
p2 = 2;
p3 = 1;
r1 = 3;
r2 = 2;
r3 = 4;
c = 4;
----------
s1 = 1;
s2 = 5;
s3 = 3;
p1 = 1;
p2 = 2;
p3 = 1;
r1 = 3;
r2 = 2;
r3 = 4;
c = 4;
----------
s1 = 2;
s2 = 5;
s3 = 3;
p1 = 1;
p2 = 2;
p3 = 1;
r1 = 3;
r2 = 2;
r3 = 4;
c = 4;
----------
s1 = 4;
s2 = 5;
s3 = 3;
p1 = 1;
p2 = 2;
p3 = 1;
r1 = 3;
r2 = 2;
r3 = 4;
c = 4;
----------
s1 = 1;
s2 = 5;
s3 = 4;
p1 = 1;
p2 = 2;
p3 = 1;
r1 = 3;
r2 = 2;
r3 = 4;
c = 4;
----------
s1 = 2;
s2 = 5;
s3 = 4;
p1 = 1;
p2 = 2;
p3 = 1;
r1 = 3;
r2 = 2;
r3 = 4;
c = 4;
----------
s1 = 3;
s2 = 5;
s3 = 4;
p1 = 1;
p2 = 2;
p3 = 1;
r1 = 3;
r2 = 2;
r3 = 4;
c = 4;
----------
s1 = 2;
s2 = 5;
s3 = 1;
p1 = 1;
p2 = 2;
p3 = 1;
r1 = 4;
r2 = 2;
r3 = 4;
c = 4;
----------
s1 = 3;
s2 = 5;
s3 = 1;
p1 = 1;
p2 = 2;
p3 = 1;
r1 = 4;
r2 = 2;
r3 = 4;
c = 4;
----------
s1 = 4;
s2 = 5;
s3 = 1;
p1 = 1;
p2 = 2;
p3 = 1;
r1 = 4;
r2 = 2;
r3 = 4;
c = 4;
----------
s1 = 1;
s2 = 5;
s3 = 2;
p1 = 1;
p2 = 2;
p3 = 1;
r1 = 4;
r2 = 2;
r3 = 4;
c = 4;
----------
s1 = 3;
s2 = 5;
s3 = 2;
p1 = 1;
p2 = 2;
p3 = 1;
r1 = 4;
r2 = 2;
r3 = 4;
c = 4;
----------
s1 = 4;
s2 = 5;
s3 = 2;
p1 = 1;
p2 = 2;
p3 = 1;
r1 = 4;
r2 = 2;
r3 = 4;
c = 4;
----------
s1 = 1;
s2 = 5;
s3 = 3;
p1 = 1;
p2 = 2;
p3 = 1;
r1 = 4;
r2 = 2;
r3 = 4;
c = 4;
----------
s1 = 2;
s2 = 5;
s3 = 3;
p1 = 1;
p2 = 2;
p3 = 1;
r1 = 4;
r2 = 2;
r3 = 4;
c = 4;
----------
s1 = 4;
s2 = 5;
s3 = 3;
p1 = 1;
p2 = 2;
p3 = 1;
r1 = 4;
r2 = 2;
r3 = 4;
c = 4;
----------
s1 = 1;
s2 = 5;
s3 = 4;
p1 = 1;
p2 = 2;
p3 = 1;
r1 = 4;
r2 = 2;
r3 = 4;
c = 4;
----------
s1 = 2;
s2 = 5;
s3 = 4;
p1 = 1;
p2 = 2;
p3 = 1;
r1 = 4;
r2 = 2;
r3 = 4;
c = 4;
----------
s1 = 3;
s2 = 5;
s3 = 4;
p1 = 1;
p2 = 2;
p3 = 1;
r1 = 4;
r2 = 2;
r3 = 4;
c = 4;
----------
s1 = 1;
s2 = 3;
s3 = 5;
p1 = 2;
p2 = 2;
p3 = 1;
r1 = 3;
r2 = 2;
r3 = 4;
c = 4;
----------
s1 = 1;
s2 = 3;
s3 = 5;
p1 = 2;
p2 = 2;
p3 = 1;
r1 = 4;
r2 = 2;
r3 = 4;
c = 4;
----------
s1 = 5;
s2 = 3;
s3 = 1;
p1 = 2;
p2 = 2;
p3 = 1;
r1 = 3;
r2 = 2;
r3 = 4;
c = 4;
----------
s1 = 5;
s2 = 3;
s3 = 1;
p1 = 2;
p2 = 2;
p3 = 1;
r1 = 4;
r2 = 2;
r3 = 4;
c = 4;
----------
s1 = 5;
s2 = 3;
s3 = 2;
p1 = 2;
p2 = 2;
p3 = 1;
r1 = 3;
r2 = 2;
r3 = 4;
c = 4;
----------
s1 = 5;
s2 = 3;
s3 = 2;
p1 = 2;
p2 = 2;
p3 = 1;
r1 = 4;
r2 = 2;
r3 = 4;
c = 4;
----------
s1 = 1;
s2 = 4;
s3 = 3;
p1 = 2;
p2 = 2;
p3 = 1;
r1 = 3;
r2 = 2;
r3 = 4;
c = 4;
----------
s1 = 1;
s2 = 4;
s3 = 3;
p1 = 2;
p2 = 2;
p3 = 1;
r1 = 4;
r2 = 2;
r3 = 4;
c = 4;
----------
s1 = 2;
s2 = 4;
s3 = 1;
p1 = 2;
p2 = 2;
p3 = 1;
r1 = 3;
r2 = 2;
r3 = 4;
c = 4;
----------
s1 = 2;
s2 = 4;
s3 = 1;
p1 = 2;
p2 = 2;
p3 = 1;
r1 = 4;
r2 = 2;
r3 = 4;
c = 4;
----------
s1 = 1;
s2 = 5;
s3 = 3;
p1 = 2;
p2 = 2;
p3 = 1;
r1 = 3;
r2 = 2;
r3 = 4;
c = 4;
----------
s1 = 1;
s2 = 5;
s3 = 3;
p1 = 2;
p2 = 2;
p3 = 1;
r1 = 4;
r2 = 2;
r3 = 4;
c = 4;
----------
s1 = 1;
s2 = 5;
s3 = 4;
p1 = 2;
p2 = 2;
p3 = 1;
r1 = 3;
r2 = 2;
r3 = 4;
c = 4;
----------
s1 = 1;
s2 = 5;
s3 = 4;
p1 = 2;
p2 = 2;
p3 = 1;
r1 = 4;
r2 = 2;
r3 = 4;
c = 4;
----------
s1 = 2;
s2 = 5;
s3 = 1;
p1 = 2;
p2 = 2;
p3 = 1;
r1 = 3;
r2 = 2;
r3 = 4;
c = 4;
----------
s1 = 2;
s2 = 5;
s3 = 1;
p1 = 2;
p2 = 2;
p3 = 1;
r1 = 4;
r2 = 2;
r3 = 4;
c = 4;
----------
s1 = 2;
s2 = 5;
s3 = 4;
p1 = 2;
p2 = 2;
p3 = 1;
r1 = 3;
r2 = 2;
r3 = 4;
c = 4;
----------
s1 = 2;
s2 = 5;
s3 = 4;
p1 = 2;
p2 = 2;
p3 = 1;
r1 = 4;
r2 = 2;
r3 = 4;
c = 4;
----------
s1 = 3;
s2 = 5;
s3 = 1;
p1 = 2;
p2 = 2;
p3 = 1;
r1 = 3;
r2 = 2;
r3 = 4;
c = 4;
----------
s1 = 3;
s2 = 5;
s3 = 1;
p1 = 2;
p2 = 2;
p3 = 1;
r1 = 4;
r2 = 2;
r3 = 4;
c = 4;
----------
s1 = 3;
s2 = 5;
s3 = 2;
p1 = 2;
p2 = 2;
p3 = 1;
r1 = 3;
r2 = 2;
r3 = 4;
c = 4;
----------
s1 = 3;
s2 = 5;
s3 = 2;
p1 = 2;
p2 = 2;
p3 = 1;
r1 = 4;
r2 = 2;
r3 = 4;
c = 4;
----------
s1 = 5;
s2 = 3;
s3 = 1;
p1 = 1;
p2 = 2;
p3 = 2;
r1 = 3;
r2 = 2;
r3 = 4;
c = 4;
----------
s1 = 5;
s2 = 3;
s3 = 1;
p1 = 1;
p2 = 2;
p3 = 2;
r1 = 4;
r2 = 2;
r3 = 4;
c = 4;
----------
s1 = 1;
s2 = 3;
s3 = 5;
p1 = 1;
p2 = 2;
p3 = 2;
r1 = 3;
r2 = 2;
r3 = 4;
c = 4;
----------
s1 = 1;
s2 = 3;
s3 = 5;
p1 = 1;
p2 = 2;
p3 = 2;
r1 = 4;
r2 = 2;
r3 = 4;
c = 4;
----------
s1 = 2;
s2 = 3;
s3 = 5;
p1 = 1;
p2 = 2;
p3 = 2;
r1 = 3;
r2 = 2;
r3 = 4;
c = 4;
----------
s1 = 2;
s2 = 3;
s3 = 5;
p1 = 1;
p2 = 2;
p3 = 2;
r1 = 4;
r2 = 2;
r3 = 4;
c = 4;
----------
s1 = 3;
s2 = 4;
s3 = 1;
p1 = 1;
p2 = 2;
p3 = 2;
r1 = 3;
r2 = 2;
r3 = 4;
c = 4;
----------
s1 = 3;
s2 = 4;
s3 = 1;
p1 = 1;
p2 = 2;
p3 = 2;
r1 = 4;
r2 = 2;
r3 = 4;
c = 4;
----------
s1 = 1;
s2 = 4;
s3 = 2;
p1 = 1;
p2 = 2;
p3 = 2;
r1 = 3;
r2 = 2;
r3 = 4;
c = 4;
----------
s1 = 1;
s2 = 4;
s3 = 2;
p1 = 1;
p2 = 2;
p3 = 2;
r1 = 4;
r2 = 2;
r3 = 4;
c = 4;
----------
s1 = 3;
s2 = 5;
s3 = 1;
p1 = 1;
p2 = 2;
p3 = 2;
r1 = 3;
r2 = 2;
r3 = 4;
c = 4;
----------
s1 = 3;
s2 = 5;
s3 = 1;
p1 = 1;
p2 = 2;
p3 = 2;
r1 = 4;
r2 = 2;
r3 = 4;
c = 4;
----------
s1 = 4;
s2 = 5;
s3 = 1;
p1 = 1;
p2 = 2;
p3 = 2;
r1 = 3;
r2 = 2;
r3 = 4;
c = 4;
----------
s1 = 4;
s2 = 5;
s3 = 1;
p1 = 1;
p2 = 2;
p3 = 2;
r1 = 4;
r2 = 2;
r3 = 4;
c = 4;
----------
s1 = 1;
s2 = 5;
s3 = 2;
p1 = 1;
p2 = 2;
p3 = 2;
r1 = 3;
r2 = 2;
r3 = 4;
c = 4;
----------
s1 = 1;
s2 = 5;
s3 = 2;
p1 = 1;
p2 = 2;
p3 = 2;
r1 = 4;
r2 = 2;
r3 = 4;
c = 4;
----------
s1 = 4;
s2 = 5;
s3 = 2;
p1 = 1;
p2 = 2;
p3 = 2;
r1 = 3;
r2 = 2;
r3 = 4;
c = 4;
----------
s1 = 4;
s2 = 5;
s3 = 2;
p1 = 1;
p2 = 2;
p3 = 2;
r1 = 4;
r2 = 2;
r3 = 4;
c = 4;
----------
s1 = 1;
s2 = 5;
s3 = 3;
p1 = 1;
p2 = 2;
p3 = 2;
r1 = 3;
r2 = 2;
r3 = 4;
c = 4;
----------
s1 = 1;
s2 = 5;
s3 = 3;
p1 = 1;
p2 = 2;
p3 = 2;
r1 = 4;
r2 = 2;
r3 = 4;
c = 4;
----------
s1 = 2;
s2 = 5;
s3 = 3;
p1 = 1;
p2 = 2;
p3 = 2;
r1 = 3;
r2 = 2;
r3 = 4;
c = 4;
----------
s1 = 2;
s2 = 5;
s3 = 3;
p1 = 1;
p2 = 2;
p3 = 2;
r1 = 4;
r2 = 2;
r3 = 4;
c = 4;
----------
s1 = 5;
s2 = 3;
s3 = 1;
p1 = 2;
p2 = 2;
p3 = 2;
r1 = 3;
r2 = 2;
r3 = 4;
c = 4;
----------
s1 = 5;
s2 = 3;
s3 = 1;
p1 = 2;
p2 = 2;
p3 = 2;
r1 = 4;
r2 = 2;
r3 = 4;
c = 4;
----------
s1 = 1;
s2 = 3;
s3 = 5;
p1 = 2;
p2 = 2;
p3 = 2;
r1 = 3;
r2 = 2;
r3 = 4;
c = 4;
----------
s1 = 1;
s2 = 3;
s3 = 5;
p1 = 2;
p2 = 2;
p3 = 2;
r1 = 4;
r2 = 2;
r3 = 4;
c = 4;
----------
s1 = 3;
s2 = 5;
s3 = 1;
p1 = 2;
p2 = 2;
p3 = 2;
r1 = 3;
r2 = 2;
r3 = 4;
c = 4;
----------
s1 = 3;
s2 = 5;
s3 = 1;
p1 = 2;
p2 = 2;
p3 = 2;
r1 = 4;
r2 = 2;
r3 = 4;
c = 4;
----------
s1 = 1;
s2 = 5;
s3 = 3;
p1 = 2;
p2 = 2;
p3 = 2;
r1 = 3;
r2 = 2;
r3 = 4;
c = 4;
----------
s1 = 1;
s2 = 5;
s3 = 3;
p1 = 2;
p2 = 2;
p3 = 2;
r1 = 4;
r2 = 2;
r3 = 4;
c = 4;
----------
==========
