x = 8;
y = 5;
z = 0;
----------
x = 5;
y = 7;
z = 0;
----------
x = 5;
y = 8;
z = 0;
----------
x = 6;
y = 8;
z = 0;
----------
x = 6;
y = 8;
z = 1;
----------
x = 0;
y = 7;
z = 2;
----------
x = 0;
y = 8;
z = 2;
----------
x = 8;
y = 0;
z = 3;
----------
x = 0;
y = 8;
z = 3;
----------
x = 1;
y = 8;
z = 3;
----------
x = 3;
y = 0;
z = 5;
----------
x = 0;
y = 2;
z = 5;
----------
x = 3;
y = 0;
z = 6;
----------
x = 4;
y = 0;
z = 6;
----------
x = 4;
y = 1;
z = 6;
----------
x = 0;
y = 2;
z = 6;
----------
x = 0;
y = 3;
z = 6;
----------
x = 1;
y = 3;
z = 6;
----------
x = 3;
y = 0;
z = 7;
----------
x = 4;
y = 0;
z = 7;
----------
x = 5;
y = 0;
z = 7;
----------
x = 4;
y = 1;
z = 7;
----------
x = 5;
y = 1;
z = 7;
----------
x = 0;
y = 2;
z = 7;
----------
x = 5;
y = 2;
z = 7;
----------
x = 0;
y = 3;
z = 7;
----------
x = 1;
y = 3;
z = 7;
----------
x = 0;
y = 4;
z = 7;
----------
x = 1;
y = 4;
z = 7;
----------
x = 2;
y = 4;
z = 7;
----------
x = 3;
y = 0;
z = 8;
----------
x = 4;
y = 0;
z = 8;
----------
x = 5;
y = 0;
z = 8;
----------
x = 6;
y = 0;
z = 8;
----------
x = 4;
y = 1;
z = 8;
----------
x = 5;
y = 1;
z = 8;
----------
x = 6;
y = 1;
z = 8;
----------
x = 0;
y = 2;
z = 8;
----------
x = 5;
y = 2;
z = 8;
----------
x = 6;
y = 2;
z = 8;
----------
x = 0;
y = 3;
z = 8;
----------
x = 1;
y = 3;
z = 8;
----------
x = 6;
y = 3;
z = 8;
----------
x = 0;
y = 4;
z = 8;
----------
x = 1;
y = 4;
z = 8;
----------
x = 2;
y = 4;
z = 8;
----------
x = 0;
y = 5;
z = 8;
----------
x = 1;
y = 5;
z = 8;
----------
x = 2;
y = 5;
z = 8;
----------
x = 3;
y = 5;
z = 8;
----------
==========
