x1 = 2;
x2 = 4;
x3 = 6;
----------
x1 = 1;
x2 = 3;
x3 = 10;
----------
==========
