x = -2;
y = -2;
z = -2;
----------
x = -2;
y = -1;
z = -2;
----------
x = -2;
y = 0;
z = -2;
----------
x = -2;
y = 1;
z = -2;
----------
x = -2;
y = 2;
z = -2;
----------
x = -1;
y = -1;
z = -2;
----------
x = -1;
y = 0;
z = -2;
----------
x = -1;
y = 1;
z = -2;
----------
x = -1;
y = 2;
z = -2;
----------
x = -1;
y = -1;
z = -1;
----------
x = -1;
y = 0;
z = -1;
----------
x = -1;
y = 1;
z = -1;
----------
x = -1;
y = 2;
z = -1;
----------
x = 0;
y = 0;
z = -2;
----------
x = 0;
y = 1;
z = -2;
----------
x = 0;
y = 2;
z = -2;
----------
x = 0;
y = 0;
z = -1;
----------
x = 0;
y = 1;
z = -1;
----------
x = 0;
y = 2;
z = -1;
----------
x = 0;
y = 0;
z = 0;
----------
x = 0;
y = 1;
z = 0;
----------
x = 0;
y = 2;
z = 0;
----------
x = 1;
y = 1;
z = -2;
----------
x = 1;
y = 2;
z = -2;
----------
x = 1;
y = 1;
z = -1;
----------
x = 1;
y = 2;
z = -1;
----------
x = 1;
y = 1;
z = 0;
----------
x = 1;
y = 2;
z = 0;
----------
x = 1;
y = 1;
z = 1;
----------
x = 1;
y = 2;
z = 1;
----------
x = 2;
y = 2;
z = -2;
----------
x = 2;
y = 2;
z = -1;
----------
x = 2;
y = 2;
z = 0;
----------
x = 2;
y = 2;
z = 1;
----------
x = 2;
y = 2;
z = 2;
----------
==========
